#################################################################
# If you used AutoDock Vina in your work, please cite:          #
#                                                               #
# O. Trott, A. J. Olson,                                        #
# AutoDock Vina: improving the speed and accuracy of docking    #
# with a new scoring function, efficient optimization and       #
# multithreading, Journal of Computational Chemistry 31 (2010)  #
# 455-461                                                       #
#                                                               #
# DOI 10.1002/jcc.21334                                         #
#                                                               #
# Please see http://vina.scripps.edu for more information.      #
#################################################################

WARNING: The search space volume > 27000 Angstrom^3 (See FAQ)
Detected 16 CPUs
Reading input ... done.
Setting up the scoring function ... done.
Analyzing the binding site ... done.
Using random seed: -1631280888
Performing search ... done.
Refining results ... done.

mode |   affinity | dist from best mode
     | (kcal/mol) | rmsd l.b.| rmsd u.b.
-----+------------+----------+----------
   1         -7.9      0.000      0.000
   2         -7.7      1.455      1.926
   3         -7.5     13.272     17.277
   4         -7.4      2.609      7.885
   5         -7.4      3.098      5.409
   6         -7.4      2.689      6.986
   7         -7.3      1.898      4.418
   8         -7.2      2.846      5.621
   9         -7.2     12.932     18.440
  10         -7.2     15.848     21.130
Writing output ... done.
