#################################################################
# If you used AutoDock Vina in your work, please cite:          #
#                                                               #
# O. Trott, A. J. Olson,                                        #
# AutoDock Vina: improving the speed and accuracy of docking    #
# with a new scoring function, efficient optimization and       #
# multithreading, Journal of Computational Chemistry 31 (2010)  #
# 455-461                                                       #
#                                                               #
# DOI 10.1002/jcc.21334                                         #
#                                                               #
# Please see http://vina.scripps.edu for more information.      #
#################################################################

WARNING: The search space volume > 27000 Angstrom^3 (See FAQ)
Detected 16 CPUs
Reading input ... done.
Setting up the scoring function ... done.
Analyzing the binding site ... done.
Using random seed: -516528608
Performing search ... done.
Refining results ... done.

mode |   affinity | dist from best mode
     | (kcal/mol) | rmsd l.b.| rmsd u.b.
-----+------------+----------+----------
   1         -8.9      0.000      0.000
   2         -8.1      1.693      2.053
   3         -8.0      3.736      7.639
   4         -7.9     16.565     20.410
   5         -7.7     17.423     21.829
   6         -7.7      2.725      4.908
   7         -7.7      2.462      4.514
   8         -7.6     12.449     16.884
   9         -7.6     15.128     18.692
  10         -7.6     15.120     18.899
Writing output ... done.
