#################################################################
# If you used AutoDock Vina in your work, please cite:          #
#                                                               #
# O. Trott, A. J. Olson,                                        #
# AutoDock Vina: improving the speed and accuracy of docking    #
# with a new scoring function, efficient optimization and       #
# multithreading, Journal of Computational Chemistry 31 (2010)  #
# 455-461                                                       #
#                                                               #
# DOI 10.1002/jcc.21334                                         #
#                                                               #
# Please see http://vina.scripps.edu for more information.      #
#################################################################

WARNING: The search space volume > 27000 Angstrom^3 (See FAQ)
Detected 16 CPUs
Reading input ... done.
Setting up the scoring function ... done.
Analyzing the binding site ... done.
Using random seed: -457942293
Performing search ... done.
Refining results ... done.

mode |   affinity | dist from best mode
     | (kcal/mol) | rmsd l.b.| rmsd u.b.
-----+------------+----------+----------
   1         -8.5      0.000      0.000
   2         -8.3     17.508     21.399
   3         -8.1     21.000     24.935
   4         -8.0      9.793     11.835
   5         -8.0     17.469     20.820
   6         -8.0     20.906     25.105
   7         -8.0      5.197      9.303
   8         -7.9     22.518     25.909
   9         -7.8     20.719     24.710
  10         -7.7      1.119      1.865
Writing output ... done.
