#################################################################
# If you used AutoDock Vina in your work, please cite:          #
#                                                               #
# O. Trott, A. J. Olson,                                        #
# AutoDock Vina: improving the speed and accuracy of docking    #
# with a new scoring function, efficient optimization and       #
# multithreading, Journal of Computational Chemistry 31 (2010)  #
# 455-461                                                       #
#                                                               #
# DOI 10.1002/jcc.21334                                         #
#                                                               #
# Please see http://vina.scripps.edu for more information.      #
#################################################################

WARNING: The search space volume > 27000 Angstrom^3 (See FAQ)
Detected 16 CPUs
Reading input ... done.
Setting up the scoring function ... done.
Analyzing the binding site ... done.
Using random seed: -1642105888
Performing search ... done.
Refining results ... done.

mode |   affinity | dist from best mode
     | (kcal/mol) | rmsd l.b.| rmsd u.b.
-----+------------+----------+----------
   1         -8.0      0.000      0.000
   2         -7.4      1.773      2.160
   3         -7.3      2.492      4.950
   4         -7.1     16.944     20.834
   5         -7.1      2.736      4.937
   6         -7.0     17.835     22.366
   7         -6.9      2.724      5.070
   8         -6.9     17.033     20.397
   9         -6.9     16.608     19.780
  10         -6.7      2.669      7.255
Writing output ... done.
